tft.c:7:6:FloatToCharEmissivity	32	static
tft.c:23:6:FloatToCharTemperature	48	static
tft.c:51:6:TFT_init	16	static
tft.c:88:6:Micro_tick_delay	16	static
tft.c:93:6:TickDelay	16	static
tft.c:97:6:tft_write_cmd	16	static
tft.c:111:6:tft_sleep_out	16	static
tft.c:118:6:tft_display_off	8	static
tft.c:122:6:tft_display_on	16	static
tft.c:127:6:tft_display_normal_mode	16	static
tft.c:133:6:tft_pixel_format	16	static
tft.c:139:6:tft_set_column	24	static
tft.c:149:6:tft_set_row	24	static
tft.c:157:6:tft_ram_write	16	static
tft.c:161:6:tft_set_region	32	static
tft.c:170:6:tft_color_ALL	24	static
tft.c:182:6:tft_color_XY	40	static
tft.c:198:6:swap	24	static
